.git/  [excluded dir]
.gitattributes  [root-level file — not a department]
.github/  [excluded dir]
.gitignore  [root-level file — not a department]
.impeccable/  [excluded dir]
CONTRIBUTING.md  [root-level file — not a department]
Creative Department/  [0 classified personas — department not seeded]
LICENSE  [root-level file — not a department]
README.md  [root-level file — not a department]
SECURITY.md  [root-level file — not a department]
examples/  [excluded dir]
integrations/  [excluded dir]
scripts/  [excluded dir]
agency-agents/social media departman/social media layer for agents.md  [no persona frontmatter]
social media departman/  [0 classified personas — department not seeded]
agency-agents/strategy/EXECUTIVE-BRIEF.md  [no persona frontmatter]
agency-agents/strategy/QUICKSTART.md  [no persona frontmatter]
agency-agents/strategy/coordination/agent-activation-prompts.md  [no persona frontmatter]
agency-agents/strategy/coordination/handoff-templates.md  [no persona frontmatter]
agency-agents/strategy/nexus-strategy.md  [no persona frontmatter]
agency-agents/strategy/playbooks/phase-0-discovery.md  [no persona frontmatter]
agency-agents/strategy/playbooks/phase-1-strategy.md  [no persona frontmatter]
agency-agents/strategy/playbooks/phase-2-foundation.md  [no persona frontmatter]
agency-agents/strategy/playbooks/phase-3-build.md  [no persona frontmatter]
agency-agents/strategy/playbooks/phase-4-hardening.md  [no persona frontmatter]
agency-agents/strategy/playbooks/phase-5-launch.md  [no persona frontmatter]
agency-agents/strategy/playbooks/phase-6-operate.md  [no persona frontmatter]
agency-agents/strategy/runbooks/scenario-enterprise-feature.md  [no persona frontmatter]
agency-agents/strategy/runbooks/scenario-incident-response.md  [no persona frontmatter]
agency-agents/strategy/runbooks/scenario-marketing-campaign.md  [no persona frontmatter]
agency-agents/strategy/runbooks/scenario-startup-mvp.md  [no persona frontmatter]
strategy/  [0 classified personas — department not seeded]
